https://www.tiktok.com/@sariiixo/video/7416477887152295199
https://www.tiktok.com/@sariiixo/video/7428660237688638763
https://www.tiktok.com/@sariiixo/video/7428433161735998762
https://www.tiktok.com/@sariiixo/video/7428733661802958122
https://www.tiktok.com/@sariiixo/video/7428378972100119851
https://www.tiktok.com/@sariiixo/video/7428432839219121450
https://www.tiktok.com/@sariiixo/video/7428378519547268394
https://www.tiktok.com/@sariiixo/video/7428378307114061099
https://www.tiktok.com/@sariiixo/video/7428377875717311787
https://www.tiktok.com/@sariiixo/video/7427955012170485035
https://www.tiktok.com/@sariiixo/video/7427954879576034603
https://www.tiktok.com/@sariiixo/video/7427954656099290411
https://www.tiktok.com/@sariiixo/video/7427946342233705774
https://www.tiktok.com/@sariiixo/video/7427946169420254510
https://www.tiktok.com/@sariiixo/video/7427934862998326574
https://www.tiktok.com/@sariiixo/video/7427318282337963310
https://www.tiktok.com/@sariiixo/video/7427317833371094314
https://www.tiktok.com/@sariiixo/video/7427318589318810923
https://www.tiktok.com/@sariiixo/video/7427317087753964846
https://www.tiktok.com/@sariiixo/video/7427317509575003434
https://www.tiktok.com/@sariiixo/video/7427316483165981998
https://www.tiktok.com/@sariiixo/video/7426581967992409386
https://www.tiktok.com/@sariiixo/video/7426573966501760302
https://www.tiktok.com/@sariiixo/video/7426476863700208938
https://www.tiktok.com/@sariiixo/video/7426476566772780330
https://www.tiktok.com/@sariiixo/video/7426476491795647790
https://www.tiktok.com/@sariiixo/video/7426152804806397226
https://www.tiktok.com/@sariiixo/video/7426475490501823787
https://www.tiktok.com/@sariiixo/video/7426152136607599915
https://www.tiktok.com/@sariiixo/video/7426152480456576302
https://www.tiktok.com/@sariiixo/video/7426152049886252334
https://www.tiktok.com/@sariiixo/video/7425358705320873246
https://www.tiktok.com/@sariiixo/video/7425356580851305758
https://www.tiktok.com/@sariiixo/video/7425356488006290719
https://www.tiktok.com/@sariiixo/video/7425356123160513823
https://www.tiktok.com/@sariiixo/video/7424670027372186911
https://www.tiktok.com/@sariiixo/video/7424669758592781598
https://www.tiktok.com/@sariiixo/video/7424669825563249950
https://www.tiktok.com/@sariiixo/video/7424669267833998623
https://www.tiktok.com/@sariiixo/video/7424312177365912862
https://www.tiktok.com/@sariiixo/video/7423938761173552414
https://www.tiktok.com/@sariiixo/video/7424311663840496926
https://www.tiktok.com/@sariiixo/video/7423937935327661342
https://www.tiktok.com/@sariiixo/video/7423938092404395295
https://www.tiktok.com/@sariiixo/video/7423937641827126559
https://www.tiktok.com/@sariiixo/video/7423937840016264479
https://www.tiktok.com/@sariiixo/video/7423937486012943646
https://www.tiktok.com/@sariiixo/video/7423928663848127775
https://www.tiktok.com/@sariiixo/video/7423919743381409054
https://www.tiktok.com/@sariiixo/video/7423914948754935070
https://www.tiktok.com/@sariiixo/video/7423557356883086623
https://www.tiktok.com/@sariiixo/video/7423556585554824478
https://www.tiktok.com/@sariiixo/video/7423555616674811166
https://www.tiktok.com/@sariiixo/video/7423175714519731486
https://www.tiktok.com/@sariiixo/video/7428432685082725674
https://www.tiktok.com/@sariiixo/video/7423111329067633950
https://www.tiktok.com/@sariiixo/video/7422836318008282399
https://www.tiktok.com/@sariiixo/video/7422836058976537887
https://www.tiktok.com/@sariiixo/video/7422834194159635743
https://www.tiktok.com/@sariiixo/video/7422833530310315294
https://www.tiktok.com/@sariiixo/video/7422833267612618014
https://www.tiktok.com/@sariiixo/video/7422833725605547295
https://www.tiktok.com/@sariiixo/video/7422813622969142559
https://www.tiktok.com/@sariiixo/video/7422406461298363678
https://www.tiktok.com/@sariiixo/video/7422031652479651103
https://www.tiktok.com/@sariiixo/video/7421997942472461599
https://www.tiktok.com/@sariiixo/video/7421998077558492446
https://www.tiktok.com/@sariiixo/video/7420262795960257822
https://www.tiktok.com/@sariiixo/video/7418991977389165854
https://www.tiktok.com/@sariiixo/video/7416495746607746334
https://www.tiktok.com/@sariiixo/video/7416482354434280735
https://www.tiktok.com/@sariiixo/video/7416478362161515807
https://www.tiktok.com/@sariiixo/video/7416478174231498015
https://www.tiktok.com/@sariiixo/video/7415435076227452191
https://www.tiktok.com/@sariiixo/video/7415339221126286622
https://www.tiktok.com/@sariiixo/video/7415338849993231646
https://www.tiktok.com/@sariiixo/video/7415032446036577567
https://www.tiktok.com/@sariiixo/video/7415032055077014815
https://www.tiktok.com/@sariiixo/video/7416442538552331551
https://www.tiktok.com/@sariiixo/video/7415019138344652063
https://www.tiktok.com/@sariiixo/video/7417626854934236446
https://www.tiktok.com/@sariiixo/video/7413892770143685918
https://www.tiktok.com/@sariiixo/video/7413891866627755295
https://www.tiktok.com/@sariiixo/video/7413863875541536031
https://www.tiktok.com/@sariiixo/video/7413886652143226142
https://www.tiktok.com/@sariiixo/video/7413530530194492702
https://www.tiktok.com/@sariiixo/video/7413464476772601119
https://www.tiktok.com/@sariiixo/video/7413411057802235166
https://www.tiktok.com/@sariiixo/video/7414958870142913823
https://www.tiktok.com/@sariiixo/video/7413159351793323295
https://www.tiktok.com/@sariiixo/video/7413157961616395550
https://www.tiktok.com/@sariiixo/video/7412843459058388255
https://www.tiktok.com/@sariiixo/video/7412700030785686815
https://www.tiktok.com/@sariiixo/video/7412699872266145054
https://www.tiktok.com/@sariiixo/video/7413105219585838366
https://www.tiktok.com/@sariiixo/video/7412431563100572958
https://www.tiktok.com/@sariiixo/video/7412433105178397982
https://www.tiktok.com/@sariiixo/video/7412430243027242270
https://www.tiktok.com/@sariiixo/video/7412400644570516767
https://www.tiktok.com/@sariiixo/video/7412348784887336223
https://www.tiktok.com/@sariiixo/video/7412410441328037150
https://www.tiktok.com/@sariiixo/video/7412011342191693087
https://www.tiktok.com/@sariiixo/video/7411614665307901215
https://www.tiktok.com/@sariiixo/video/7411381952319622431
https://www.tiktok.com/@sariiixo/video/7411390012253637918
https://www.tiktok.com/@sariiixo/video/7411234223081721118
https://www.tiktok.com/@sariiixo/video/7410947349435993374
https://www.tiktok.com/@sariiixo/video/7410879971167587615
https://www.tiktok.com/@sariiixo/video/7411270073832246558
https://www.tiktok.com/@sariiixo/video/7410567716471311647
https://www.tiktok.com/@sariiixo/video/7410541874148117791
https://www.tiktok.com/@sariiixo/video/7410500845084609823
https://www.tiktok.com/@sariiixo/video/7410232956784053534
https://www.tiktok.com/@sariiixo/video/7410219290198068510
https://www.tiktok.com/@sariiixo/video/7410218443212983582
https://www.tiktok.com/@sariiixo/video/7410166693047143710
https://www.tiktok.com/@sariiixo/video/7410510710591032607
https://www.tiktok.com/@sariiixo/video/7410131027676368159
https://www.tiktok.com/@sariiixo/video/7410126008126393630
https://www.tiktok.com/@sariiixo/video/7410122144107023647
https://www.tiktok.com/@sariiixo/video/7410068609017384223
https://www.tiktok.com/@sariiixo/video/7409415527728221470
https://www.tiktok.com/@sariiixo/video/7409736549501259039
https://www.tiktok.com/@sariiixo/video/7409073412116614431
https://www.tiktok.com/@sariiixo/video/7409074197823098142
https://www.tiktok.com/@sariiixo/video/7408776395419159838
https://www.tiktok.com/@sariiixo/video/7409026083204484382
https://www.tiktok.com/@sariiixo/video/7408776259582414111
https://www.tiktok.com/@sariiixo/video/7408624584842333471
https://www.tiktok.com/@sariiixo/video/7408618134707391774
https://www.tiktok.com/@sariiixo/video/7408257284318563614
https://www.tiktok.com/@sariiixo/video/7408243546534186270
https://www.tiktok.com/@sariiixo/video/7408243759814544670
https://www.tiktok.com/@sariiixo/video/7408207576174726431
https://www.tiktok.com/@sariiixo/video/7407971180424056095
https://www.tiktok.com/@sariiixo/video/7407178783385472286
https://www.tiktok.com/@sariiixo/video/7407177488901721374
https://www.tiktok.com/@sariiixo/video/7402259832452943135
https://www.tiktok.com/@sariiixo/video/7406483531196632350
https://www.tiktok.com/@sariiixo/video/7400833672405880094
https://www.tiktok.com/@sariiixo/video/7401967371411328287
https://www.tiktok.com/@sariiixo/video/7398602093319163167
https://www.tiktok.com/@sariiixo/video/7399778582316322079
https://www.tiktok.com/@sariiixo/video/7394575284348914974
https://www.tiktok.com/@sariiixo/video/7385299107373436191
https://www.tiktok.com/@sariiixo/video/7384877974316780831
https://www.tiktok.com/@sariiixo/video/7413489876290587935
https://www.tiktok.com/@sariiixo/video/7386508210569481503
https://www.tiktok.com/@sariiixo/video/7382386463087889695
https://www.tiktok.com/@sariiixo/video/7373885303783804206
https://www.tiktok.com/@sariiixo/video/7354917386526690606
https://www.tiktok.com/@sariiixo/video/7362301916098907434
https://www.tiktok.com/@sariiixo/video/7353440868826647851
https://www.tiktok.com/@sariiixo/video/7353372314030951722
https://www.tiktok.com/@sariiixo/video/7353321900199709995
https://www.tiktok.com/@sariiixo/video/7353774617758240046
https://www.tiktok.com/@sariiixo/video/7351967176850443563
https://www.tiktok.com/@sariiixo/video/7351913998805224746
https://www.tiktok.com/@sariiixo/video/7348445933283249454
https://www.tiktok.com/@sariiixo/video/7348437216156257578
https://www.tiktok.com/@sariiixo/video/7348287192462052651
https://www.tiktok.com/@sariiixo/video/7348204432753970475
https://www.tiktok.com/@sariiixo/video/7345215246149160234
https://www.tiktok.com/@sariiixo/video/7344147664369372462
https://www.tiktok.com/@sariiixo/video/7338574822273748266
https://www.tiktok.com/@sariiixo/video/7351198661218487595
https://www.tiktok.com/@sariiixo/video/7334380721248750890
https://www.tiktok.com/@sariiixo/video/7332257830201822507
https://www.tiktok.com/@sariiixo/video/7328240299724016938
https://www.tiktok.com/@sariiixo/video/7328488215814491434
https://www.tiktok.com/@sariiixo/video/7326030753186303275
https://www.tiktok.com/@sariiixo/video/7312622880418745642
https://www.tiktok.com/@sariiixo/video/7310666031909866783
https://www.tiktok.com/@sariiixo/video/7311860199466257695
https://www.tiktok.com/@sariiixo/video/7307021810913103134
https://www.tiktok.com/@sariiixo/video/7310022864076360991
https://www.tiktok.com/@sariiixo/video/7304351786716990750
https://www.tiktok.com/@sariiixo/video/7303314918541921567
https://www.tiktok.com/@sariiixo/video/7296268883051220254
https://www.tiktok.com/@sariiixo/video/7301461401363647775
https://www.tiktok.com/@sariiixo/video/7290013409347833134
https://www.tiktok.com/@sariiixo/video/7295144851815861535
https://www.tiktok.com/@sariiixo/video/7288868821820067115
https://www.tiktok.com/@sariiixo/video/7289116392652016942
https://www.tiktok.com/@sariiixo/video/7288397634849508654
https://www.tiktok.com/@sariiixo/video/7288785372807449899
https://www.tiktok.com/@sariiixo/video/7286300328499367214
https://www.tiktok.com/@sariiixo/video/7286654154636873002
https://www.tiktok.com/@sariiixo/video/7286143652466789675
https://www.tiktok.com/@sariiixo/video/7285854110769745195
https://www.tiktok.com/@sariiixo/video/7285717560228777262
https://www.tiktok.com/@sariiixo/video/7285548689030909230
https://www.tiktok.com/@sariiixo/video/7284349218192674094
https://www.tiktok.com/@sariiixo/video/7283928550007229739
https://www.tiktok.com/@sariiixo/video/7282907394898758954
https://www.tiktok.com/@sariiixo/video/7280333776939420971
https://www.tiktok.com/@sariiixo/video/7276479508117507371
https://www.tiktok.com/@sariiixo/video/7280216318018653482
https://www.tiktok.com/@sariiixo/video/7276260949328334126
https://www.tiktok.com/@sariiixo/video/7276231046918638891
https://www.tiktok.com/@sariiixo/video/7275499844771368234
https://www.tiktok.com/@sariiixo/video/7275775452487159083
https://www.tiktok.com/@sariiixo/video/7275427735693053227
https://www.tiktok.com/@sariiixo/video/7274418285204999467
https://www.tiktok.com/@sariiixo/video/7273527399109643563
https://www.tiktok.com/@sariiixo/video/7274377692185726250
https://www.tiktok.com/@sariiixo/video/7273218474942549294
https://www.tiktok.com/@sariiixo/video/7272885784917806382
https://www.tiktok.com/@sariiixo/video/7269637817742003498
https://www.tiktok.com/@sariiixo/video/7268353222958452011
https://www.tiktok.com/@sariiixo/video/7383087326315957534
https://www.tiktok.com/@sariiixo/video/7268014634483944750
https://www.tiktok.com/@sariiixo/video/7266576692410387754
https://www.tiktok.com/@sariiixo/video/7265469360561638702
https://www.tiktok.com/@sariiixo/video/7265103935159962922
https://www.tiktok.com/@sariiixo/video/7263572930519518510
https://www.tiktok.com/@sariiixo/video/7265046209872645422
https://www.tiktok.com/@sariiixo/video/7263224183054732587
https://www.tiktok.com/@sariiixo/video/7261394432254135598
https://www.tiktok.com/@sariiixo/video/7257978633183087918
https://www.tiktok.com/@sariiixo/video/7261377193748565291
https://www.tiktok.com/@sariiixo/video/7254583684450307370
https://www.tiktok.com/@sariiixo/video/7254656147213356334
https://www.tiktok.com/@sariiixo/video/7252065042680614187
https://www.tiktok.com/@sariiixo/video/7250564895870029098
https://www.tiktok.com/@sariiixo/video/7249808251754269995
https://www.tiktok.com/@sariiixo/video/7249801164328324394
https://www.tiktok.com/@sariiixo/video/7249533436111752491
https://www.tiktok.com/@sariiixo/video/7263564418544422186
https://www.tiktok.com/@sariiixo/video/7249483401625947434
https://www.tiktok.com/@sariiixo/video/7249461050062638382
https://www.tiktok.com/@sariiixo/video/7249061487472282923
https://www.tiktok.com/@sariiixo/video/7246557522709007658
https://www.tiktok.com/@sariiixo/video/7246240216279764267
https://www.tiktok.com/@sariiixo/video/7246214835795397930
https://www.tiktok.com/@sariiixo/video/7245336360863976750
https://www.tiktok.com/@sariiixo/video/7245121726273670443
https://www.tiktok.com/@sariiixo/video/7245110089768602923
https://www.tiktok.com/@sariiixo/video/7244285863088196907
https://www.tiktok.com/@sariiixo/video/7244002611370659115
https://www.tiktok.com/@sariiixo/video/7246946359759080750
https://www.tiktok.com/@sariiixo/video/7243569717510786346
https://www.tiktok.com/@sariiixo/video/7243570083526692138
https://www.tiktok.com/@sariiixo/video/7241723990488681771
https://www.tiktok.com/@sariiixo/video/7243145274695126314
https://www.tiktok.com/@sariiixo/video/7240972681187790122
https://www.tiktok.com/@sariiixo/video/7241292097146555694
https://www.tiktok.com/@sariiixo/video/7239916464252259630
https://www.tiktok.com/@sariiixo/video/7239162015275601195
https://www.tiktok.com/@sariiixo/video/7238768195690319150
https://www.tiktok.com/@sariiixo/video/7237290467891875118
https://www.tiktok.com/@sariiixo/video/7235833385833319722
https://www.tiktok.com/@sariiixo/video/7236564087566585131
https://www.tiktok.com/@sariiixo/video/7235831155025612075
https://www.tiktok.com/@sariiixo/video/7235028072314064170
https://www.tiktok.com/@sariiixo/video/7232461024400510251
https://www.tiktok.com/@sariiixo/video/7233585302571339050
https://www.tiktok.com/@sariiixo/video/7232113954204552490
https://www.tiktok.com/@sariiixo/video/7232064818583260459
https://www.tiktok.com/@sariiixo/video/7232060966601542958
https://www.tiktok.com/@sariiixo/video/7230216714108063018
https://www.tiktok.com/@sariiixo/video/7229833048571874602
https://www.tiktok.com/@sariiixo/video/7226144883680202030
https://www.tiktok.com/@sariiixo/video/7223152068540779818
https://www.tiktok.com/@sariiixo/video/7222758341515316526
https://www.tiktok.com/@sariiixo/video/7219500409591745838
https://www.tiktok.com/@sariiixo/video/7218757473111477547
https://www.tiktok.com/@sariiixo/video/7218259950148144427
https://www.tiktok.com/@sariiixo/video/7217634941629336878
https://www.tiktok.com/@sariiixo/video/7217247885828590890
https://www.tiktok.com/@sariiixo/video/7218981373942582571
https://www.tiktok.com/@sariiixo/video/7217240049677602090
https://www.tiktok.com/@sariiixo/video/7214985127758236971
https://www.tiktok.com/@sariiixo/video/7213077675294952747
https://www.tiktok.com/@sariiixo/video/7212394466127170859
https://www.tiktok.com/@sariiixo/video/7209797108373736750
https://www.tiktok.com/@sariiixo/video/7208617666498546987
https://www.tiktok.com/@sariiixo/video/7204259272241220907
https://www.tiktok.com/@sariiixo/video/7205782217648295211
https://www.tiktok.com/@sariiixo/video/7201931854889422126
https://www.tiktok.com/@sariiixo/video/7202027323028229418
https://www.tiktok.com/@sariiixo/video/7198755215607139630
https://www.tiktok.com/@sariiixo/video/7200510347504045358
https://www.tiktok.com/@sariiixo/video/7195402032537242922
https://www.tiktok.com/@sariiixo/video/7252365002848390446
https://www.tiktok.com/@sariiixo/video/7194506929236938026
https://www.tiktok.com/@sariiixo/video/7194119877181869358
https://www.tiktok.com/@sariiixo/video/7193744003618049323
https://www.tiktok.com/@sariiixo/video/7190903558059986219
https://www.tiktok.com/@sariiixo/video/7192417124420209966
https://www.tiktok.com/@sariiixo/video/7189022589287828782
https://www.tiktok.com/@sariiixo/video/7190202376932986158
https://www.tiktok.com/@sariiixo/video/7188635951403420974
https://www.tiktok.com/@sariiixo/video/7188317900657331502
https://www.tiktok.com/@sariiixo/video/7186107358785834286
https://www.tiktok.com/@sariiixo/video/7198706006979792170
https://www.tiktok.com/@sariiixo/video/7185005725490400558
https://www.tiktok.com/@sariiixo/video/7184995936391810350
https://www.tiktok.com/@sariiixo/video/7184569066344992043
https://www.tiktok.com/@sariiixo/video/7185717586481532203
https://www.tiktok.com/@sariiixo/video/7181265934194265390
https://www.tiktok.com/@sariiixo/video/7175344799564942638
https://www.tiktok.com/@sariiixo/video/7169366032803532074
https://www.tiktok.com/@sariiixo/video/7160092965745036586
https://www.tiktok.com/@sariiixo/video/7153034408881261870
https://www.tiktok.com/@sariiixo/video/7143080217609850154
https://www.tiktok.com/@sariiixo/video/7142963158783823150
https://www.tiktok.com/@sariiixo/video/7181274323846532395
https://www.tiktok.com/@sariiixo/video/7134823560857586990
https://www.tiktok.com/@sariiixo/video/7133725850012372266
https://www.tiktok.com/@sariiixo/video/7132112041459977518
https://www.tiktok.com/@sariiixo/video/7130315109389389102
https://www.tiktok.com/@sariiixo/video/7129956648155696430
https://www.tiktok.com/@sariiixo/video/7130403348695731502
https://www.tiktok.com/@sariiixo/video/7124755081639071022
https://www.tiktok.com/@sariiixo/video/7123018661996039467
https://www.tiktok.com/@sariiixo/video/7122293199581891883
https://www.tiktok.com/@sariiixo/video/7114723067678493995
https://www.tiktok.com/@sariiixo/video/7114395351796190507
https://www.tiktok.com/@sariiixo/video/7122278249991851307
https://www.tiktok.com/@sariiixo/video/7108903066396806446
https://www.tiktok.com/@sariiixo/video/7112967795436047658
https://www.tiktok.com/@sariiixo/video/7105543484227980587
https://www.tiktok.com/@sariiixo/video/7106315605749402926
https://www.tiktok.com/@sariiixo/video/7100720306796432686
https://www.tiktok.com/@sariiixo/video/7079247556638821674
https://www.tiktok.com/@sariiixo/video/7056957998589300014
https://www.tiktok.com/@sariiixo/video/7052123054675086598
https://www.tiktok.com/@sariiixo/video/7048019640135683375
https://www.tiktok.com/@sariiixo/video/7026851728075312431
https://www.tiktok.com/@sariiixo/video/7019699513770216709
https://www.tiktok.com/@sariiixo/video/7020573222596889861
https://www.tiktok.com/@sariiixo/video/7007125396692978949
https://www.tiktok.com/@sariiixo/video/6915201167333133574
https://www.tiktok.com/@sariiixo/video/6885101362355424518
https://www.tiktok.com/@sariiixo/video/6880329169465543942
https://www.tiktok.com/@sariiixo/video/6876231871668276485
https://www.tiktok.com/@sariiixo/video/7017980576724487430
https://www.tiktok.com/@sariiixo/video/6875098205818817797
https://www.tiktok.com/@sariiixo/video/6875856875938696453
https://www.tiktok.com/@sariiixo/video/6870284148385369350
https://www.tiktok.com/@sariiixo/video/6872142406288968965
https://www.tiktok.com/@sariiixo/video/6864762285760531717
https://www.tiktok.com/@sariiixo/video/6855107026863852805
https://www.tiktok.com/@sariiixo/video/6834234600559054086
https://www.tiktok.com/@sariiixo/video/6849519661499927813
https://www.tiktok.com/@sariiixo/video/7174210728927268139
https://www.tiktok.com/@sariiixo/video/7428433161735998762
https://www.tiktok.com/@sariiixo/video/7428660237688638763
https://www.tiktok.com/@sariiixo/video/7428733661802958122
https://www.tiktok.com/@sariiixo/video/7416477887152295199
https://www.tiktok.com/@sariiixo/video/7428432839219121450
https://www.tiktok.com/@sariiixo/video/7428378519547268394
https://www.tiktok.com/@sariiixo/video/7428432685082725674
https://www.tiktok.com/@sariiixo/video/7428377875717311787
https://www.tiktok.com/@sariiixo/video/7428433161735998762
https://www.tiktok.com/@sariiixo/video/7428432839219121450
https://www.tiktok.com/@sariiixo/video/7428733661802958122
https://www.tiktok.com/@sariiixo/video/7416477887152295199
https://www.tiktok.com/@sariiixo/video/7416477887152295199
https://www.tiktok.com/@sariiixo/video/7428733661802958122
https://www.tiktok.com/@sariiixo/video/7428660237688638763
https://www.tiktok.com/@sariiixo/video/7428433161735998762
https://www.tiktok.com/@sariiixo/video/7416477887152295199
https://www.tiktok.com/@sariiixo/video/7428733661802958122
https://www.tiktok.com/@sariiixo/video/7416477887152295199
https://www.tiktok.com/@sariiixo/video/7428733661802958122
https://www.tiktok.com/@sariiixo/video/7428660237688638763
https://www.tiktok.com/@sariiixo/video/7416477887152295199
